

   СУМОРЗЧЛДМДС ПАРАТЖРЖСДИС
   ЙАИ СТАТИСТИЙА СТОИХДИА ВИА ТЖ САPЧСЖ ГДГОЛДМЧМ

 Шзц зижк орижйлШЯгабу  зШиШлуиЮйЮ  йнсвгШ  ймджиЯргтдЮ  лмзабу   йнсвгШ гЬ
          ШзцйлШйЮ                          зШиШлуиЮйЮ   ШзцбвайЮ ЬерлЬиабу
                                                                  жгШвжзжхЮйЮ
             (km)           (m)      (cm)       (m)        (cm)

   1  17     0.130          4.030     0.00      4.030      0.00      0.00
   5  17     0.640         22.187    -4.24     22.229      2.16     -9.55
   5  27     0.730         14.210     2.12     14.189      2.56      0.79
   5  37     0.820          3.162     3.06      3.131      2.67      1.21
  27  17     0.380          8.057     1.64      8.041      1.50      1.13
  37  27     0.290         11.063     0.56     11.057      1.21      0.41
  37  47     0.640         10.017     1.15     10.005      2.25      0.46
  47  17     0.880          9.113     2.04      9.093      2.82      0.67
  47  27     0.560          1.049    -0.29      1.052      2.11     -0.12


  2 a-posteriori гЬлШЩвЮлцлЮлШ =  15.2043
    a-posteriori лмзабу ШзцбвайЮ =   3.90
    ЩШЯгжх ЬвЬмЯЬихШк =    4
    биалуиаж ЩЬвлайлжзжхЮйЮк =    60.8171



  КУСЖ ТЧМ ЙАМОМИЙЧМ ДНИСЧСДЧМ 

  брЫабцк   зижйЬЪЪайлабц  ЫациЯрйЮ  ймджиЯргтдж  лмзабу
  ШиаЯгцк   мпцгЬлиж                 мпцгЬлиж     ШзцбвайЮ
               (m)           (cm)       (m)        (cm)

      1      300.000                  300.000
      5      281.843        -4.244    281.801      2.66
     17      304.030         0.000    304.030      1.41
     27      296.053        -6.363    295.989      2.34
     37      285.005        -7.303    284.932      2.70
     47      295.022        -8.455    294.937      2.72


