
 КУСЖ ТЧМ KАМОМИЙЧМ ДНИСЧСДЧМ 

   зижйЬЪЪайлабтк ймдлЬлШЪгтдЬк    ЫажиЯщйЬак   ймджиЯргтдЬк ймдлЬлШЪгтдЬк
            x           y          dx       dy         x           y
           (m)         (m)        (cm)     (cm)       (m)         (m)

   1  257910.000 5184896.200                      257910.000 5184896.200
   2  769114.100 6665700.700                      769114.100 6665700.700
   5  742811.562 5558501.567     -2.02     1.01   742811.541 5558501.577



  СУМОРЗЧЛДМДС ПАРАТЖРЖСДИС
  ЙАИ СТАТИСТИЙА СТОИХДИА ВИА ТЖ САPЧСЖ ГДГОЛДМЧМ

  Шзц зижк      зШиШлуиЮйЮ  лмзабу     йнсвгШ  ймджиЯргтдЮ   йнсвгШ гЬ
   i   j   k                ШзцбвайЮ           зШиШлуиЮйЮ    ЬерлЬиабу
                                                             жгШвжзжхЮйЮ
                 (grad,m)   (cc,cm)   (cc,cm)    (grad,m)

   1   5   0   612058.000 3000.00   -7800.00   612136.000    -0.68
   2   5   0  1107396.000 3000.00  -11550.00  1107511.500    -1.48
   1   5   0   612214.000 3000.00    7800.00   612136.000     0.68
   2   5   0  1107627.000 3000.00   11550.00  1107511.500     1.48


 3  a-posteriori гЬлШЩвЮлцлЮлШ =  21.5825
    a-posteriori лмзабу ШзцбвайЮ =   4.65
    ЩШЯгжх ЬвЬмЯЬихШк =    2
    биалуиаж ЩЬвлайлжзжхЮйЮк =    43.1650



  АПОКУТДС ДККДИЦДИС СФАКЛАТОС

            ймдлЬлШЪгтдЬк        ЮгасеждЬк   ШЭагжчЯаж лжм
                                             гЬЪсвжм ЮгасеждШ
  i       x (m)      y (m)     a (cm) b (cm)   A (grad)

   1  257910.000 5184896.200
   2  769114.100 6665700.700
   5  742811.541 5558501.577  %16179.17721.5    129.86
